Microchip MPLAB XC8 Compiler V1.40 ()

Linker command line:

--edf=C:\Program Files (x86)\Microchip\xc8\v1.40\dat\en_msgs.txt -cs \
  -h+dist/default/production\GPS.X.production.sym \
  --cmf=dist/default/production\GPS.X.production.cmf -z -Q16F886 \
  -oC:\Users\ELCOT-~1\AppData\Local\Temp\s1ug.2 \
  -Mdist/default/production/GPS.X.production.map -E1 -ver=XC8 \
  -ASTACK=0110h-016fh -pstack=STACK -ACODE=00h-07FFhx4 -ASTRCODE=00h-01FFFh \
  -ASTRING=00h-0FFhx32 -ACONST=00h-0FFhx32 -AENTRY=00h-0FFhx32 \
  -ACOMMON=070h-07Fh -ABANK0=020h-06Fh -ABANK1=0A0h-0EFh \
  -ABANK2=0110h-016Fh -ABANK3=0190h-01EFh \
  -ARAM=020h-06Fh,0A0h-0EFh,0110h-016Fh,0190h-01EFh \
  -AABS1=020h-07Fh,0A0h-0EFh,0110h-016Fh,0190h-01EFh -ASFR0=00h-01Fh \
  -ASFR1=080h-09Fh -ASFR2=0100h-010Fh -ASFR3=0180h-018Fh \
  -preset_vec=00h,intentry=04h,init,end_init -ppowerup=CODE -pcinit=CODE \
  -pfunctab=CODE -ACONFIG=02007h-02008h -pconfig=CONFIG -DCONFIG=2 \
  -AIDLOC=02000h-02003h -pidloc=IDLOC -DIDLOC=2 -AEEDATA=00h-0FFh/02100h \
  -peeprom_data=EEDATA -DEEDATA=2 -DCODE=2 -DSTRCODE=2 -DSTRING=2 -DCONST=2 \
  -DENTRY=2 -k C:\Users\ELCOT-~1\AppData\Local\Temp\s1ug.obj \
  dist/default/production\GPS.X.production.obj 

Object code version is 3.11

Machine type is 16F886



                Name                               Link     Load   Length Selector   Space Scale
C:\Users\ELCOT-~1\AppData\Local\Temp\s1ug.obj
                end_init                             12       12        3        8       0
                reset_vec                             0        0        3        0       0
                config                             2007     2007        2     400E       0
dist/default/production\GPS.X.production.obj
                cinit                                15       15       15        8       0
                functab                             100      100        F        2       0
                intentry                              4        4        E        8       0
                text8                               307      307        D        2       0
                text7                               2D2      2D2       15        2       0
                text6                               314      314        9        2       0
                text5                               2F8      2F8        F        2       0
                text4                               10F      10F       D0        2       0
                text3                               2B1      2B1       21        2       0
                text2                               2E7      2E7       11        2       0
                text1                               289      289       28        2       0
                maintext                            1DF      1DF       AA        2       0
                cstackBANK0                          20       20       1F       20       1
                cstackCOMMON                         70       70        7       70       1
                cstackBANK1                          CD       CD       19       A0       1
                clrtext                             31D      31D        8        2       0
                bssBANK1                             A0       A0       2D       A0       1
                bssBANK0                             3F       3F       19       20       1
                bssCOMMON                            77       77        2       70       1
                strings                              2A       2A       36       54       0
                nvBANK0                              58       58        2       20       1
                nvCOMMON                             79       79        1       70       1

TOTAL           Name                               Link     Load   Length     Space
        CLASS   STACK          

        CLASS   CODE           
                end_init                             12       12        3         0
                cinit                                15       15       15         0
                functab                             100      100        F         0
                intentry                              4        4        E         0
                reset_vec                             0        0        3         0
                text8                               307      307        D         0
                text7                               2D2      2D2       15         0
                text6                               314      314        9         0
                text5                               2F8      2F8        F         0
                text4                               10F      10F       D0         0
                text3                               2B1      2B1       21         0
                text2                               2E7      2E7       11         0
                text1                               289      289       28         0
                maintext                            1DF      1DF       AA         0
                clrtext                             31D      31D        8         0

        CLASS   STRCODE        

        CLASS   STRING         
                strings                              2A       2A       36         0

        CLASS   CONST          

        CLASS   ENTRY          

        CLASS   COMMON         
                cstackCOMMON                         70       70        7         1
                bssCOMMON                            77       77        2         1
                nvCOMMON                             79       79        1         1

        CLASS   BANK0          
                cstackBANK0                          20       20       1F         1
                bssBANK0                             3F       3F       19         1
                nvBANK0                              58       58        2         1

        CLASS   BANK1          
                cstackBANK1                          CD       CD       19         1
                bssBANK1                             A0       A0       2D         1

        CLASS   BANK2          

        CLASS   BANK3          

        CLASS   RAM            

        CLASS   ABS1           
                abs_s1                               7E       7E        2         1

        CLASS   SFR0           

        CLASS   SFR1           

        CLASS   SFR2           

        CLASS   SFR3           

        CLASS   CONFIG         
                config                             2007     2007        2         0

        CLASS   IDLOC          

        CLASS   EEDATA         



SEGMENTS        Name                           Load    Length   Top    Selector   Space  Class     Delta

                reset_vec                      000000  000003  000003         0       0  CODE        2
                intentry                       000004  000026  00002A         8       0  CODE        2
                cstackBANK0                    000020  00003A  00005A        20       1  BANK0       1
                strings                        00002A  000036  000060        54       0  STRING      2
                cstackCOMMON                   000070  00000A  00007A        70       1  COMMON      1
                bssBANK1                       0000A0  000046  0000E6        A0       1  BANK1       1
                functab                        000100  000225  000325         2       0  CODE        2
                config                         002007  000002  002009      400E       0  CONFIG      2


UNUSED ADDRESS RANGES

        Name                Unused          Largest block    Delta
        BANK0            005A-006F             16           1
        BANK1            00E6-00EF              A           1
        BANK2            0110-016F             60           1
        BANK3            0190-01EF             60           1
        CODE             0003-0003              1           2
                         0060-00FF             A0
                         0325-1FFF            800
        COMMON           007A-007D              4           1
        CONST            0003-0003              1           2
                         0060-00FF             A0
                         0325-1FFF            100
        EEDATA           2100-21FF            100           2
        ENTRY            0003-0003              1           2
                         0060-00FF             A0
                         0325-1FFF            100
        IDLOC            2000-2003              4           2
        RAM              005A-006F             16           1
                         00E6-00EF              A
                         0110-016F             60
                         0190-01EF             60
        SFR0             0000-001F             20           1
        SFR1             0080-009F             20           1
        SFR2             0100-010F             10           1
        SFR3             0180-018F             10           1
        STACK            0110-016F             60           1
        STRCODE          0003-0003              1           2
                         0060-00FF             A0
                         0325-1FFF           1CDB
        STRING           0003-0003              1           2
                         0060-00FF             A0
                         0325-1FFF            100

                                  Symbol Table

?__GPSValues              cstackBANK0  0020
_ANSEL                    (abs)        0188
_ANSELH                   (abs)        0189
_BRGH                     (abs)        04C2
_CREN                     (abs)        00C4
_GIE                      (abs)        005F
_ISR                      text8        0307
_OSCCONbits               (abs)        008F
_PEIE                     (abs)        005E
_RCIE                     (abs)        0465
_RCIF                     (abs)        0065
_RCREG                    (abs)        001A
_SPBRG                    (abs)        0099
_SPEN                     (abs)        00C7
_SYNC                     (abs)        04C4
_TRISC6                   (abs)        043E
_TRISC7                   (abs)        043F
_TXEN                     (abs)        04C5
_TXIF                     (abs)        0064
_TXREG                    (abs)        0019
_UartBuffer               bssBANK1     00A0
__CFG_BOR4V$BOR40V        (abs)        0000
__CFG_BOREN$OFF           (abs)        0000
__CFG_CP$OFF              (abs)        0000
__CFG_CPD$OFF             (abs)        0000
__CFG_FCMEN$ON            (abs)        0000
__CFG_FOSC$INTRC_NOCLKOUT (abs)        0000
__CFG_IESO$ON             (abs)        0000
__CFG_LVP$OFF             (abs)        0000
__CFG_MCLRE$ON            (abs)        0000
__CFG_PWRTE$OFF           (abs)        0000
__CFG_WDTE$OFF            (abs)        0000
__CFG_WRT$OFF             (abs)        0000
__GPSInit                 text6        0314
__GPSRoutines             text4        010F
__GPSRoutines@i           cstackBANK0  0021
__GPSRoutines@x           cstackBANK0  0020
__GPSValues               text3        02B1
__GPS_location_avail      bssBANK0     0056
__Habs1                   abs1         0000
__Hbank0                  bank0        0000
__Hbank1                  bank1        0000
__Hbank2                  bank2        0000
__Hbank3                  bank3        0000
__HbssBANK0               bssBANK0     0000
__HbssBANK1               bssBANK1     0000
__HbssCOMMON              bssCOMMON    0000
__Hcinit                  cinit        002A
__Hclrtext                clrtext      0000
__Hcode                   code         0000
__Hcommon                 common       0000
__Hconfig                 config       2009
__HcstackBANK0            cstackBANK0  0000
__HcstackBANK1            cstackBANK1  0000
__HcstackCOMMON           cstackCOMMON 0000
__Heeprom_data            eeprom_data  0000
__Hend_init               end_init     0015
__Hfunctab                functab      010F
__Hidloc                  idloc        0000
__Hinit                   init         0012
__Hintentry               intentry     0012
__Hmaintext               maintext     0000
__HnvBANK0                nvBANK0      0000
__HnvCOMMON               nvCOMMON     0000
__Hpowerup                powerup      0000
__Hram                    ram          0000
__Hreset_vec              reset_vec    0003
__Hsfr0                   sfr0         0000
__Hsfr1                   sfr1         0000
__Hsfr2                   sfr2         0000
__Hsfr3                   sfr3         0000
__Hspace_0                (abs)        2009
__Hspace_1                (abs)        00E6
__Hspace_2                (abs)        0000
__Hspace_3                (abs)        0000
__Hstack                  stack        0000
__Hstrings                strings      0000
__Htext                   text         0000
__Labs1                   abs1         0000
__Lbank0                  bank0        0000
__Lbank1                  bank1        0000
__Lbank2                  bank2        0000
__Lbank3                  bank3        0000
__LbssBANK0               bssBANK0     0000
__LbssBANK1               bssBANK1     0000
__LbssCOMMON              bssCOMMON    0000
__Lcinit                  cinit        0015
__Lclrtext                clrtext      0000
__Lcode                   code         0000
__Lcommon                 common       0000
__Lconfig                 config       2007
__LcstackBANK0            cstackBANK0  0000
__LcstackBANK1            cstackBANK1  0000
__LcstackCOMMON           cstackCOMMON 0000
__Leeprom_data            eeprom_data  0000
__Lend_init               end_init     0012
__Lfunctab                functab      0100
__Lidloc                  idloc        0000
__Linit                   init         0012
__Lintentry               intentry     0004
__Lmaintext               maintext     0000
__LnvBANK0                nvBANK0      0000
__LnvCOMMON               nvCOMMON     0000
__Lpowerup                powerup      0000
__Lram                    ram          0000
__Lreset_vec              reset_vec    0000
__Lsfr0                   sfr0         0000
__Lsfr1                   sfr1         0000
__Lsfr2                   sfr2         0000
__Lsfr3                   sfr3         0000
__Lspace_0                (abs)        0000
__Lspace_1                (abs)        0000
__Lspace_2                (abs)        0000
__Lspace_3                (abs)        0000
__Lstack                  stack        0000
__Lstrings                strings      0000
__Ltext                   text         0000
__S0                      (abs)        2009
__S1                      (abs)        00E6
__S2                      (abs)        0000
__S3                      (abs)        0000
__UartInit                nvBANK0      0058
__UartReceiveByte         nvCOMMON     0079
__UartSendByte            nvBANK0      0059
___int_sp                 stack        0000
___latbits                (abs)        0002
___sp                     stack        0000
__end_of_ISR              text8        0314
__end_of__GPSInit         text6        031D
__end_of__GPSRoutines     text4        01DF
__end_of__GPSValues       text3        02D2
__end_of__fptable         functab      010F
__end_of__initialization  cinit        0026
__end_of__stringtab       strings      003A
__end_of_main             maintext     0289
__end_of_my_serial_init   text7        02E7
__end_of_receive_byte     text5        0307
__end_of_send_byte        text2        02F8
__end_of_send_str         text1        02B1
__fptable                 functab      0100
__initialization          cinit        0015
__pbssBANK0               bssBANK0     003F
__pbssBANK1               bssBANK1     00A0
__pbssCOMMON              bssCOMMON    0077
__pcstackBANK0            cstackBANK0  0020
__pcstackBANK1            cstackBANK1  00CD
__pcstackCOMMON           cstackCOMMON 0070
__pfunctab                functab      0100
__pintentry               intentry     0004
__pmaintext               maintext     01DF
__pnvBANK0                nvBANK0      0058
__pnvCOMMON               nvCOMMON     0079
__pstrings                strings      002A
__ptext1                  text1        0289
__ptext2                  text2        02E7
__ptext3                  text3        02B1
__ptext4                  text4        010F
__ptext5                  text5        02F8
__ptext6                  text6        0314
__ptext7                  text7        02D2
__ptext8                  text8        0307
__size_of_ISR             (abs)        0000
__size_of__GPSInit        (abs)        0000
__size_of__GPSRoutines    (abs)        0000
__size_of__GPSValues      (abs)        0000
__size_of__fptable        (abs)        0000
__size_of_main            (abs)        0000
__size_of_my_serial_init  (abs)        0000
__size_of_receive_byte    (abs)        0000
__size_of_send_byte       (abs)        0000
__size_of_send_str        (abs)        0000
__stringbase              strings      0039
__stringtab               strings      002A
_gps                      bssBANK0     003F
_main                     maintext     01DF
_my_serial_init           text7        02D2
_rec_count                bssCOMMON    0077
_receive_byte             text5        02F8
_send_byte                text2        02E7
_send_str                 text1        0289
btemp                     (abs)        007E
clear_ram0                clrtext      031D
end_of_initialization     cinit        0026
entry__send_byte          functab      010C
fpbase                    functab      0105
fptable                   functab      0100
fptotal                   (abs)        0006
interrupt_function        intentry     0004
intlevel0                 functab      0100
intlevel1                 functab      0100
intlevel2                 functab      0100
intlevel3                 functab      0100
intlevel4                 functab      0100
intlevel5                 functab      0100
main@gps                  cstackBANK1  00CF
main@i                    cstackBANK1  00CD
receive_byte@x            cstackCOMMON 0075
reset_vec                 reset_vec    0000
saved_w                   (abs)        007E
send_byte@val             cstackCOMMON 0074
send_str@str              cstackBANK0  0020
stackhi                   (abs)        0000
stacklo                   (abs)        0000
start                     init         0012
start_initialization      cinit        0015
wtemp0                    (abs)        007E


FUNCTION INFORMATION:

 *************** function _main *****************
 Defined at:
		line 51 in file "main.c"
 Parameters:    Size  Location     Type
		None
 Auto vars:     Size  Location     Type
  gps            23    2[BANK1 ] struct _GPS
  i               2    0[BANK1 ] int 
 Return value:  Size  Location     Type
                  1    wreg      void 
 Registers used:
		wreg, fsr0l, fsr0h, status,2, status,0, btemp+1, pclath, cstack
 Tracked objects:
		On entry : 
		On exit  : 
		Unchanged: 
 Data sizes:     COMMON   BANK0   BANK1   BANK3   BANK2
      Params:         0       0       0       0       0
      Locals:         0       0      25       0       0
      Temps:          0       4       0       0       0
      Totals:         0       4      25       0       0
Total ram usage:       29 bytes
 Hardware stack levels required when called:    3
 This function calls:
		__GPSInit
		__GPSRoutines
		__GPSValues
		_send_byte
		_send_str
 This function is called by:
		Startup code after reset
 This function uses a non-reentrant model


 *************** function _send_str *****************
 Defined at:
		line 46 in file "main.c"
 Parameters:    Size  Location     Type
  str             2    0[BANK0 ] PTR unsigned char 
		 -> STR_3(14), STR_2(14), main@gps(23), STR_1(10), 
 Auto vars:     Size  Location     Type
		None
 Return value:  Size  Location     Type
                  1    wreg      void 
 Registers used:
		wreg, fsr0l, fsr0h, status,2, status,0, btemp+1, pclath, cstack
 Tracked objects:
		On entry : 
		On exit  : 
		Unchanged: 
 Data sizes:     COMMON   BANK0   BANK1   BANK3   BANK2
      Params:         0       2       0       0       0
      Locals:         0       0       0       0       0
      Temps:          0       1       0       0       0
      Totals:         0       3       0       0       0
Total ram usage:        3 bytes
 Hardware stack levels used:    1
 Hardware stack levels required when called:    2
 This function calls:
		_send_byte
 This function is called by:
		_main
 This function uses a non-reentrant model


 *************** function _send_byte *****************
 Defined at:
		line 25 in file "main.c"
 Parameters:    Size  Location     Type
  val             1    4[COMMON] unsigned char 
 Auto vars:     Size  Location     Type
		None
 Return value:  Size  Location     Type
                  1    wreg      void 
 Registers used:
		wreg
 Tracked objects:
		On entry : 
		On exit  : 
		Unchanged: 
 Data sizes:     COMMON   BANK0   BANK1   BANK3   BANK2
      Params:         1       0       0       0       0
      Locals:         0       0       0       0       0
      Temps:          2       0       0       0       0
      Totals:         3       0       0       0       0
Total ram usage:        3 bytes
 Hardware stack levels used:    1
 Hardware stack levels required when called:    1
 This function calls:
		Nothing
 This function is called by:
		_send_str
		_main
 This function uses a non-reentrant model


 *************** function __GPSValues *****************
 Defined at:
		line 47 in file "GPS.c"
 Parameters:    Size  Location     Type
		None
 Auto vars:     Size  Location     Type
		None
 Return value:  Size  Location     Type
                  23    0[BANK0 ] struct _GPS
 Registers used:
		wreg, fsr0l, fsr0h, status,2, status,0
 Tracked objects:
		On entry : 
		On exit  : 
		Unchanged: 
 Data sizes:     COMMON   BANK0   BANK1   BANK3   BANK2
      Params:         0      23       0       0       0
      Locals:         0       0       0       0       0
      Temps:          0       4       0       0       0
      Totals:         0      27       0       0       0
Total ram usage:       27 bytes
 Hardware stack levels used:    1
 Hardware stack levels required when called:    1
 This function calls:
		Nothing
 This function is called by:
		_main
 This function uses a non-reentrant model


 *************** function __GPSRoutines *****************
 Defined at:
		line 15 in file "GPS.c"
 Parameters:    Size  Location     Type
		None
 Auto vars:     Size  Location     Type
  i               2    1[BANK0 ] int 
  x               1    0[BANK0 ] unsigned char 
 Return value:  Size  Location     Type
                  1    wreg      void 
 Registers used:
		wreg, fsr0l, fsr0h, status,2, status,0, btemp+1, pclath, cstack
 Tracked objects:
		On entry : 
		On exit  : 
		Unchanged: 
 Data sizes:     COMMON   BANK0   BANK1   BANK3   BANK2
      Params:         0       0       0       0       0
      Locals:         0       3       0       0       0
      Temps:          1       0       0       0       0
      Totals:         1       3       0       0       0
Total ram usage:        4 bytes
 Hardware stack levels used:    1
 Hardware stack levels required when called:    2
 This function calls:
		Absolute function
		_receive_byte
 This function is called by:
		_main
 This function uses a non-reentrant model


 *************** function _receive_byte *****************
 Defined at:
		line 33 in file "main.c"
 Parameters:    Size  Location     Type
		None
 Auto vars:     Size  Location     Type
  x               1    5[COMMON] unsigned char 
 Return value:  Size  Location     Type
                  1    wreg      unsigned char 
 Registers used:
		wreg
 Tracked objects:
		On entry : 
		On exit  : 
		Unchanged: 
 Data sizes:     COMMON   BANK0   BANK1   BANK3   BANK2
      Params:         0       0       0       0       0
      Locals:         1       0       0       0       0
      Temps:          1       0       0       0       0
      Totals:         2       0       0       0       0
Total ram usage:        2 bytes
 Hardware stack levels used:    1
 Hardware stack levels required when called:    1
 This function calls:
		Nothing
 This function is called by:
		_main
		__GPSRoutines
 This function uses a non-reentrant model


 *************** function __GPSInit *****************
 Defined at:
		line 42 in file "GPS.c"
 Parameters:    Size  Location     Type
		None
 Auto vars:     Size  Location     Type
		None
 Return value:  Size  Location     Type
                  1    wreg      void 
 Registers used:
		wreg, status,2, status,0, pclath, cstack
 Tracked objects:
		On entry : 
		On exit  : 
		Unchanged: 
 Data sizes:     COMMON   BANK0   BANK1   BANK3   BANK2
      Params:         0       0       0       0       0
      Locals:         0       0       0       0       0
      Temps:          0       0       0       0       0
      Totals:         0       0       0       0       0
Total ram usage:        0 bytes
 Hardware stack levels used:    1
 Hardware stack levels required when called:    2
 This function calls:
		Absolute function
		_my_serial_init
 This function is called by:
		_main
 This function uses a non-reentrant model


 *************** function _my_serial_init *****************
 Defined at:
		line 9 in file "main.c"
 Parameters:    Size  Location     Type
		None
 Auto vars:     Size  Location     Type
		None
 Return value:  Size  Location     Type
                  1    wreg      void 
 Registers used:
		wreg
 Tracked objects:
		On entry : 
		On exit  : 
		Unchanged: 
 Data sizes:     COMMON   BANK0   BANK1   BANK3   BANK2
      Params:         0       0       0       0       0
      Locals:         0       0       0       0       0
      Temps:          0       0       0       0       0
      Totals:         0       0       0       0       0
Total ram usage:        0 bytes
 Hardware stack levels used:    1
 Hardware stack levels required when called:    1
 This function calls:
		Nothing
 This function is called by:
		_main
		__GPSInit
 This function uses a non-reentrant model


 *************** function _ISR *****************
 Defined at:
		line 79 in file "main.c"
 Parameters:    Size  Location     Type
		None
 Auto vars:     Size  Location     Type
		None
 Return value:  Size  Location     Type
                  1    wreg      void 
 Registers used:
		wreg
 Tracked objects:
		On entry : 
		On exit  : 
		Unchanged: 
 Data sizes:     COMMON   BANK0   BANK1   BANK3   BANK2
      Params:         0       0       0       0       0
      Locals:         0       0       0       0       0
      Temps:          4       0       0       0       0
      Totals:         4       0       0       0       0
Total ram usage:        4 bytes
 Hardware stack levels used:    1
 This function calls:
		Nothing
 This function is called by:
		Interrupt level 1
 This function uses a non-reentrant model



MODULE INFORMATION

Module		Function		Class		Link	Load	Size
shared
		__stringtab    		STRING         	002A	0000	17
		__initialization		CODE           	0015	0000	18
		__fptable      		CODE           	0100	0000	16

shared estimated size: 51

GPS.c
		__GPSRoutines  		CODE           	010F	0000	209
		__GPSValues    		CODE           	02B1	0000	34
		__GPSInit      		CODE           	0314	0000	10

GPS.c estimated size: 253

main.c
		_send_byte     		CODE           	02E7	0000	18
		_ISR           		CODE           	0307	0000	14
		_main          		CODE           	01DF	0000	171
		_send_str      		CODE           	0289	0000	41
		_receive_byte  		CODE           	02F8	0000	16
		_my_serial_init		CODE           	02D2	0000	22

main.c estimated size: 282

